[0.022s] Invoking command in '/home/madhu/warehouse_ws/src/build/warehouse_robot_description': CMAKE_PREFIX_PATH=${CMAKE_PREFIX_PATH}:/home/madhu/robot_ws/install/robot_gazebo:/home/madhu/robot_ws/install/obstacle_avoidance:/home/madhu/ros2_ws/install/turtlebot3_autorace_mission:/home/madhu/ros2_ws/install/turtlebot3_autorace_detect:/home/madhu/ros2_ws/install/turtlebot3_autorace_camera:/home/madhu/ros2_ws/install/rtabmap_python:/home/madhu/ros2_ws/install/line_follower:/home/madhu/ros2_ws/install/ekf_slam:/home/madhu/ros2_ws/src/install/my_robot_controller:/opt/ros/humble /usr/bin/cmake /home/madhu/warehouse_ws/src/warehouse_robot_description -DAMENT_CMAKE_SYMLINK_INSTALL=1 -DCMAKE_INSTALL_PREFIX=/home/madhu/warehouse_ws/src/install/warehouse_robot_description
[0.101s] -- The C compiler identification is GNU 11.4.0
[0.181s] -- The CXX compiler identification is GNU 11.4.0
[0.194s] -- Detecting C compiler ABI info
[0.307s] -- Detecting C compiler ABI info - done
[0.320s] -- Check for working C compiler: /usr/bin/cc - skipped
[0.320s] -- Detecting C compile features
[0.321s] -- Detecting C compile features - done
[0.324s] -- Detecting CXX compiler ABI info
[0.447s] -- Detecting CXX compiler ABI info - done
[0.458s] -- Check for working CXX compiler: /usr/bin/c++ - skipped
[0.458s] -- Detecting CXX compile features
[0.459s] -- Detecting CXX compile features - done
[0.466s] -- Found ament_cmake: 1.3.13 (/opt/ros/humble/share/ament_cmake/cmake)
[0.728s] -- Found Python3: /usr/bin/python3 (found version "3.10.12") found components: Interpreter 
[0.832s] -- Override CMake install command with custom implementation using symlinks instead of copying resources
[0.940s] -- Found ament_lint_auto: 0.12.15 (/opt/ros/humble/share/ament_lint_auto/cmake)
[1.105s] -- Added test 'lint_cmake' to check CMake code style
[1.107s] -- Added test 'xmllint' to check XML markup files
[1.110s] -- Configuring done
[1.114s] -- Generating done
[1.116s] -- Build files have been written to: /home/madhu/warehouse_ws/src/build/warehouse_robot_description
[1.122s] Invoked command in '/home/madhu/warehouse_ws/src/build/warehouse_robot_description' returned '0': CMAKE_PREFIX_PATH=${CMAKE_PREFIX_PATH}:/home/madhu/robot_ws/install/robot_gazebo:/home/madhu/robot_ws/install/obstacle_avoidance:/home/madhu/ros2_ws/install/turtlebot3_autorace_mission:/home/madhu/ros2_ws/install/turtlebot3_autorace_detect:/home/madhu/ros2_ws/install/turtlebot3_autorace_camera:/home/madhu/ros2_ws/install/rtabmap_python:/home/madhu/ros2_ws/install/line_follower:/home/madhu/ros2_ws/install/ekf_slam:/home/madhu/ros2_ws/src/install/my_robot_controller:/opt/ros/humble /usr/bin/cmake /home/madhu/warehouse_ws/src/warehouse_robot_description -DAMENT_CMAKE_SYMLINK_INSTALL=1 -DCMAKE_INSTALL_PREFIX=/home/madhu/warehouse_ws/src/install/warehouse_robot_description
[1.124s] Invoking command in '/home/madhu/warehouse_ws/src/build/warehouse_robot_description': CMAKE_PREFIX_PATH=${CMAKE_PREFIX_PATH}:/home/madhu/robot_ws/install/robot_gazebo:/home/madhu/robot_ws/install/obstacle_avoidance:/home/madhu/ros2_ws/install/turtlebot3_autorace_mission:/home/madhu/ros2_ws/install/turtlebot3_autorace_detect:/home/madhu/ros2_ws/install/turtlebot3_autorace_camera:/home/madhu/ros2_ws/install/rtabmap_python:/home/madhu/ros2_ws/install/line_follower:/home/madhu/ros2_ws/install/ekf_slam:/home/madhu/ros2_ws/src/install/my_robot_controller:/opt/ros/humble /usr/bin/cmake --build /home/madhu/warehouse_ws/src/build/warehouse_robot_description -- -j4 -l4
[1.182s] Invoked command in '/home/madhu/warehouse_ws/src/build/warehouse_robot_description' returned '0': CMAKE_PREFIX_PATH=${CMAKE_PREFIX_PATH}:/home/madhu/robot_ws/install/robot_gazebo:/home/madhu/robot_ws/install/obstacle_avoidance:/home/madhu/ros2_ws/install/turtlebot3_autorace_mission:/home/madhu/ros2_ws/install/turtlebot3_autorace_detect:/home/madhu/ros2_ws/install/turtlebot3_autorace_camera:/home/madhu/ros2_ws/install/rtabmap_python:/home/madhu/ros2_ws/install/line_follower:/home/madhu/ros2_ws/install/ekf_slam:/home/madhu/ros2_ws/src/install/my_robot_controller:/opt/ros/humble /usr/bin/cmake --build /home/madhu/warehouse_ws/src/build/warehouse_robot_description -- -j4 -l4
[1.198s] Invoking command in '/home/madhu/warehouse_ws/src/build/warehouse_robot_description': CMAKE_PREFIX_PATH=${CMAKE_PREFIX_PATH}:/home/madhu/robot_ws/install/robot_gazebo:/home/madhu/robot_ws/install/obstacle_avoidance:/home/madhu/ros2_ws/install/turtlebot3_autorace_mission:/home/madhu/ros2_ws/install/turtlebot3_autorace_detect:/home/madhu/ros2_ws/install/turtlebot3_autorace_camera:/home/madhu/ros2_ws/install/rtabmap_python:/home/madhu/ros2_ws/install/line_follower:/home/madhu/ros2_ws/install/ekf_slam:/home/madhu/ros2_ws/src/install/my_robot_controller:/opt/ros/humble /usr/bin/cmake --install /home/madhu/warehouse_ws/src/build/warehouse_robot_description
[1.212s] -- Install configuration: ""
[1.213s] -- Execute custom install script
[1.214s] -- Symlinking: /home/madhu/warehouse_ws/src/install/warehouse_robot_description/share/warehouse_robot_description/urdf/robot.urdf
[1.230s] [31mCMake Error at ament_cmake_symlink_install/ament_cmake_symlink_install.cmake:105 (message):
[1.231s]   ament_cmake_symlink_install_directory() can't find
[1.231s]   '/home/madhu/warehouse_ws/src/warehouse_robot_description/launch'
[1.231s] Call Stack (most recent call first):
[1.231s]   ament_cmake_symlink_install/ament_cmake_symlink_install.cmake:319 (ament_cmake_symlink_install_directory)
[1.231s]   cmake_install.cmake:46 (include)
[1.231s] 
[1.231s] [0m
[1.233s] Invoked command in '/home/madhu/warehouse_ws/src/build/warehouse_robot_description' returned '1': CMAKE_PREFIX_PATH=${CMAKE_PREFIX_PATH}:/home/madhu/robot_ws/install/robot_gazebo:/home/madhu/robot_ws/install/obstacle_avoidance:/home/madhu/ros2_ws/install/turtlebot3_autorace_mission:/home/madhu/ros2_ws/install/turtlebot3_autorace_detect:/home/madhu/ros2_ws/install/turtlebot3_autorace_camera:/home/madhu/ros2_ws/install/rtabmap_python:/home/madhu/ros2_ws/install/line_follower:/home/madhu/ros2_ws/install/ekf_slam:/home/madhu/ros2_ws/src/install/my_robot_controller:/opt/ros/humble /usr/bin/cmake --install /home/madhu/warehouse_ws/src/build/warehouse_robot_description
