[0.022s] Invoking command in '/home/madhu/warehouse_ws/build/warehouse_robot_description': CMAKE_PREFIX_PATH=${CMAKE_PREFIX_PATH}:/home/madhu/robot_ws/install/robot_gazebo:/home/madhu/robot_ws/install/obstacle_avoidance:/home/madhu/ros2_ws/install/turtlebot3_autorace_mission:/home/madhu/ros2_ws/install/turtlebot3_autorace_detect:/home/madhu/ros2_ws/install/turtlebot3_autorace_camera:/home/madhu/ros2_ws/install/rtabmap_python:/home/madhu/ros2_ws/install/line_follower:/home/madhu/ros2_ws/install/ekf_slam:/home/madhu/ros2_ws/src/install/my_robot_controller:/opt/ros/humble /usr/bin/cmake --build /home/madhu/warehouse_ws/build/warehouse_robot_description -- -j4 -l4
[0.090s] Invoked command in '/home/madhu/warehouse_ws/build/warehouse_robot_description' returned '0': CMAKE_PREFIX_PATH=${CMAKE_PREFIX_PATH}:/home/madhu/robot_ws/install/robot_gazebo:/home/madhu/robot_ws/install/obstacle_avoidance:/home/madhu/ros2_ws/install/turtlebot3_autorace_mission:/home/madhu/ros2_ws/install/turtlebot3_autorace_detect:/home/madhu/ros2_ws/install/turtlebot3_autorace_camera:/home/madhu/ros2_ws/install/rtabmap_python:/home/madhu/ros2_ws/install/line_follower:/home/madhu/ros2_ws/install/ekf_slam:/home/madhu/ros2_ws/src/install/my_robot_controller:/opt/ros/humble /usr/bin/cmake --build /home/madhu/warehouse_ws/build/warehouse_robot_description -- -j4 -l4
[0.109s] Invoking command in '/home/madhu/warehouse_ws/build/warehouse_robot_description': CMAKE_PREFIX_PATH=${CMAKE_PREFIX_PATH}:/home/madhu/robot_ws/install/robot_gazebo:/home/madhu/robot_ws/install/obstacle_avoidance:/home/madhu/ros2_ws/install/turtlebot3_autorace_mission:/home/madhu/ros2_ws/install/turtlebot3_autorace_detect:/home/madhu/ros2_ws/install/turtlebot3_autorace_camera:/home/madhu/ros2_ws/install/rtabmap_python:/home/madhu/ros2_ws/install/line_follower:/home/madhu/ros2_ws/install/ekf_slam:/home/madhu/ros2_ws/src/install/my_robot_controller:/opt/ros/humble /usr/bin/cmake --install /home/madhu/warehouse_ws/build/warehouse_robot_description
[0.124s] -- Install configuration: ""
[0.124s] -- Execute custom install script
[0.125s] -- Up-to-date symlink: /home/madhu/warehouse_ws/install/warehouse_robot_description/share/warehouse_robot_description/urdf/robot.urdf
[0.125s] -- Up-to-date symlink: /home/madhu/warehouse_ws/install/warehouse_robot_description/share/warehouse_robot_description/launch/robot.launch.py
[0.126s] -- Symlinking: /home/madhu/warehouse_ws/install/warehouse_robot_description/share/warehouse_robot_description/launch/slam.launch.py
[0.146s] -- Up-to-date symlink: /home/madhu/warehouse_ws/install/warehouse_robot_description/share/ament_index/resource_index/package_run_dependencies/warehouse_robot_description
[0.146s] -- Up-to-date symlink: /home/madhu/warehouse_ws/install/warehouse_robot_description/share/ament_index/resource_index/parent_prefix_path/warehouse_robot_description
[0.146s] -- Up-to-date symlink: /home/madhu/warehouse_ws/install/warehouse_robot_description/share/warehouse_robot_description/environment/ament_prefix_path.sh
[0.146s] -- Up-to-date symlink: /home/madhu/warehouse_ws/install/warehouse_robot_description/share/warehouse_robot_description/environment/ament_prefix_path.dsv
[0.147s] -- Up-to-date symlink: /home/madhu/warehouse_ws/install/warehouse_robot_description/share/warehouse_robot_description/environment/path.sh
[0.147s] -- Up-to-date symlink: /home/madhu/warehouse_ws/install/warehouse_robot_description/share/warehouse_robot_description/environment/path.dsv
[0.147s] -- Up-to-date symlink: /home/madhu/warehouse_ws/install/warehouse_robot_description/share/warehouse_robot_description/local_setup.bash
[0.148s] -- Up-to-date symlink: /home/madhu/warehouse_ws/install/warehouse_robot_description/share/warehouse_robot_description/local_setup.sh
[0.148s] -- Up-to-date symlink: /home/madhu/warehouse_ws/install/warehouse_robot_description/share/warehouse_robot_description/local_setup.zsh
[0.148s] -- Up-to-date symlink: /home/madhu/warehouse_ws/install/warehouse_robot_description/share/warehouse_robot_description/local_setup.dsv
[0.148s] -- Symlinking: /home/madhu/warehouse_ws/install/warehouse_robot_description/share/warehouse_robot_description/package.dsv
[0.169s] -- Up-to-date symlink: /home/madhu/warehouse_ws/install/warehouse_robot_description/share/ament_index/resource_index/packages/warehouse_robot_description
[0.171s] -- Up-to-date symlink: /home/madhu/warehouse_ws/install/warehouse_robot_description/share/warehouse_robot_description/cmake/warehouse_robot_descriptionConfig.cmake
[0.171s] -- Up-to-date symlink: /home/madhu/warehouse_ws/install/warehouse_robot_description/share/warehouse_robot_description/cmake/warehouse_robot_descriptionConfig-version.cmake
[0.171s] -- Up-to-date symlink: /home/madhu/warehouse_ws/install/warehouse_robot_description/share/warehouse_robot_description/package.xml
[0.180s] Invoked command in '/home/madhu/warehouse_ws/build/warehouse_robot_description' returned '0': CMAKE_PREFIX_PATH=${CMAKE_PREFIX_PATH}:/home/madhu/robot_ws/install/robot_gazebo:/home/madhu/robot_ws/install/obstacle_avoidance:/home/madhu/ros2_ws/install/turtlebot3_autorace_mission:/home/madhu/ros2_ws/install/turtlebot3_autorace_detect:/home/madhu/ros2_ws/install/turtlebot3_autorace_camera:/home/madhu/ros2_ws/install/rtabmap_python:/home/madhu/ros2_ws/install/line_follower:/home/madhu/ros2_ws/install/ekf_slam:/home/madhu/ros2_ws/src/install/my_robot_controller:/opt/ros/humble /usr/bin/cmake --install /home/madhu/warehouse_ws/build/warehouse_robot_description
