[0.159s] DEBUG:colcon:Command line arguments: ['/usr/bin/colcon', 'build', '--symlink-install']
[0.159s] DEBUG:colcon:Parsed command line arguments: Namespace(log_base=None, log_level=None, verb_name='build', build_base='build', install_base='install', merge_install=False, symlink_install=True, test_result_base=None, continue_on_error=False, executor='parallel', parallel_workers=4, event_handlers=None, ignore_user_meta=False, metas=['./colcon.meta'], base_paths=['.'], packages_ignore=None, packages_ignore_regex=None, paths=None, packages_up_to=None, packages_up_to_regex=None, packages_above=None, packages_above_and_dependencies=None, packages_above_depth=None, packages_select_by_dep=None, packages_skip_by_dep=None, packages_skip_up_to=None, packages_select_build_failed=False, packages_skip_build_finished=False, packages_select_test_failures=False, packages_skip_test_passed=False, packages_select=None, packages_skip=None, packages_select_regex=None, packages_skip_regex=None, packages_start=None, packages_end=None, allow_overriding=[], cmake_args=None, cmake_target=None, cmake_target_skip_unavailable=False, cmake_clean_cache=False, cmake_clean_first=False, cmake_force_configure=False, ament_cmake_args=None, catkin_cmake_args=None, catkin_skip_building_tests=False, mixin_files=None, mixin=None, verb_parser=<colcon_mixin.mixin.mixin_argument.MixinArgumentDecorator object at 0x766b910ab460>, verb_extension=<colcon_core.verb.build.BuildVerb object at 0x766b91058a00>, main=<bound method BuildVerb.main of <colcon_core.verb.build.BuildVerb object at 0x766b91058a00>>, mixin_verb=('build',))
[0.456s] Level 1:colcon.colcon_core.package_discovery:discover_packages(colcon_meta) check parameters
[0.457s] Level 1:colcon.colcon_core.package_discovery:discover_packages(recursive) check parameters
[0.457s] Level 1:colcon.colcon_core.package_discovery:discover_packages(ignore) check parameters
[0.457s] Level 1:colcon.colcon_core.package_discovery:discover_packages(path) check parameters
[0.457s] Level 1:colcon.colcon_core.package_discovery:discover_packages(colcon_meta) discover
[0.457s] Level 1:colcon.colcon_core.package_discovery:discover_packages(recursive) discover
[0.457s] INFO:colcon.colcon_core.package_discovery:Crawling recursively for packages in '/home/madhu/warehouse_ws/src'
[0.457s] Level 1:colcon.colcon_core.package_identification:_identify(.) by extensions ['ignore', 'ignore_ament_install']
[0.457s] Level 1:colcon.colcon_core.package_identification:_identify(.) by extension 'ignore'
[0.457s] Level 1:colcon.colcon_core.package_identification:_identify(.) by extension 'ignore_ament_install'
[0.457s] Level 1:colcon.colcon_core.package_identification:_identify(.) by extensions ['colcon_pkg']
[0.457s] Level 1:colcon.colcon_core.package_identification:_identify(.) by extension 'colcon_pkg'
[0.458s] Level 1:colcon.colcon_core.package_identification:_identify(.) by extensions ['colcon_meta']
[0.458s] Level 1:colcon.colcon_core.package_identification:_identify(.) by extension 'colcon_meta'
[0.458s] Level 1:colcon.colcon_core.package_identification:_identify(.) by extensions ['ros']
[0.458s] Level 1:colcon.colcon_core.package_identification:_identify(.) by extension 'ros'
[0.493s] Level 1:colcon.colcon_core.package_identification:_identify(.) by extensions ['cmake', 'python']
[0.493s] Level 1:colcon.colcon_core.package_identification:_identify(.) by extension 'cmake'
[0.493s] Level 1:colcon.colcon_core.package_identification:_identify(.) by extension 'python'
[0.493s] Level 1:colcon.colcon_core.package_identification:_identify(.) by extensions ['python_setup_py']
[0.493s] Level 1:colcon.colcon_core.package_identification:_identify(.) by extension 'python_setup_py'
[0.493s] Level 1:colcon.colcon_core.package_identification:_identify(build) by extensions ['ignore', 'ignore_ament_install']
[0.493s] Level 1:colcon.colcon_core.package_identification:_identify(build) by extension 'ignore'
[0.493s] Level 1:colcon.colcon_core.package_identification:_identify(build) ignored
[0.493s] Level 1:colcon.colcon_core.package_identification:_identify(install) by extensions ['ignore', 'ignore_ament_install']
[0.494s] Level 1:colcon.colcon_core.package_identification:_identify(install) by extension 'ignore'
[0.494s] Level 1:colcon.colcon_core.package_identification:_identify(install) ignored
[0.494s] Level 1:colcon.colcon_core.package_identification:_identify(log) by extensions ['ignore', 'ignore_ament_install']
[0.494s] Level 1:colcon.colcon_core.package_identification:_identify(log) by extension 'ignore'
[0.494s] Level 1:colcon.colcon_core.package_identification:_identify(log) ignored
[0.494s] Level 1:colcon.colcon_core.package_identification:_identify(warehouse_robot_description) by extensions ['ignore', 'ignore_ament_install']
[0.494s] Level 1:colcon.colcon_core.package_identification:_identify(warehouse_robot_description) by extension 'ignore'
[0.494s] Level 1:colcon.colcon_core.package_identification:_identify(warehouse_robot_description) by extension 'ignore_ament_install'
[0.494s] Level 1:colcon.colcon_core.package_identification:_identify(warehouse_robot_description) by extensions ['colcon_pkg']
[0.494s] Level 1:colcon.colcon_core.package_identification:_identify(warehouse_robot_description) by extension 'colcon_pkg'
[0.494s] Level 1:colcon.colcon_core.package_identification:_identify(warehouse_robot_description) by extensions ['colcon_meta']
[0.494s] Level 1:colcon.colcon_core.package_identification:_identify(warehouse_robot_description) by extension 'colcon_meta'
[0.495s] Level 1:colcon.colcon_core.package_identification:_identify(warehouse_robot_description) by extensions ['ros']
[0.495s] Level 1:colcon.colcon_core.package_identification:_identify(warehouse_robot_description) by extension 'ros'
[0.498s] DEBUG:colcon.colcon_core.package_identification:Package 'warehouse_robot_description' with type 'ros.ament_cmake' and name 'warehouse_robot_description'
[0.498s] Level 1:colcon.colcon_core.package_discovery:discover_packages(recursive) using defaults
[0.498s] Level 1:colcon.colcon_core.package_discovery:discover_packages(ignore) discover
[0.498s] Level 1:colcon.colcon_core.package_discovery:discover_packages(ignore) using defaults
[0.499s] Level 1:colcon.colcon_core.package_discovery:discover_packages(path) discover
[0.499s] Level 1:colcon.colcon_core.package_discovery:discover_packages(path) using defaults
[0.536s] Level 1:colcon.colcon_core.package_discovery:discover_packages(prefix_path) check parameters
[0.536s] Level 1:colcon.colcon_core.package_discovery:discover_packages(prefix_path) discover
[0.539s] DEBUG:colcon.colcon_installed_package_information.package_discovery:Found 6 installed packages in /home/madhu/robot_ws/install
[0.540s] DEBUG:colcon.colcon_installed_package_information.package_discovery:Found 10 installed packages in /home/madhu/ros2_ws/install
[0.541s] DEBUG:colcon.colcon_installed_package_information.package_discovery:Found 1 installed packages in /home/madhu/ros2_ws/src/install
[0.545s] DEBUG:colcon.colcon_installed_package_information.package_discovery:Found 502 installed packages in /opt/ros/humble
[0.550s] Level 1:colcon.colcon_core.package_discovery:discover_packages(prefix_path) using defaults
[0.635s] Level 5:colcon.colcon_core.verb:set package 'warehouse_robot_description' build argument 'cmake_args' from command line to 'None'
[0.635s] Level 5:colcon.colcon_core.verb:set package 'warehouse_robot_description' build argument 'cmake_target' from command line to 'None'
[0.635s] Level 5:colcon.colcon_core.verb:set package 'warehouse_robot_description' build argument 'cmake_target_skip_unavailable' from command line to 'False'
[0.635s] Level 5:colcon.colcon_core.verb:set package 'warehouse_robot_description' build argument 'cmake_clean_cache' from command line to 'False'
[0.635s] Level 5:colcon.colcon_core.verb:set package 'warehouse_robot_description' build argument 'cmake_clean_first' from command line to 'False'
[0.635s] Level 5:colcon.colcon_core.verb:set package 'warehouse_robot_description' build argument 'cmake_force_configure' from command line to 'False'
[0.635s] Level 5:colcon.colcon_core.verb:set package 'warehouse_robot_description' build argument 'ament_cmake_args' from command line to 'None'
[0.635s] Level 5:colcon.colcon_core.verb:set package 'warehouse_robot_description' build argument 'catkin_cmake_args' from command line to 'None'
[0.635s] Level 5:colcon.colcon_core.verb:set package 'warehouse_robot_description' build argument 'catkin_skip_building_tests' from command line to 'False'
[0.636s] DEBUG:colcon.colcon_core.verb:Building package 'warehouse_robot_description' with the following arguments: {'ament_cmake_args': None, 'build_base': '/home/madhu/warehouse_ws/src/build/warehouse_robot_description', 'catkin_cmake_args': None, 'catkin_skip_building_tests': False, 'cmake_args': None, 'cmake_clean_cache': False, 'cmake_clean_first': False, 'cmake_force_configure': False, 'cmake_target': None, 'cmake_target_skip_unavailable': False, 'install_base': '/home/madhu/warehouse_ws/src/install/warehouse_robot_description', 'merge_install': False, 'path': '/home/madhu/warehouse_ws/src/warehouse_robot_description', 'symlink_install': True, 'test_result_base': None}
[0.636s] INFO:colcon.colcon_core.executor:Executing jobs using 'parallel' executor
[0.637s] DEBUG:colcon.colcon_parallel_executor.executor.parallel:run_until_complete
[0.637s] INFO:colcon.colcon_ros.task.ament_cmake.build:Building ROS package in '/home/madhu/warehouse_ws/src/warehouse_robot_description' with build type 'ament_cmake'
[0.637s] INFO:colcon.colcon_cmake.task.cmake.build:Building CMake package in '/home/madhu/warehouse_ws/src/warehouse_robot_description'
[0.640s] INFO:colcon.colcon_core.plugin_system:Skipping extension 'colcon_core.shell.bat': Not used on non-Windows systems
[0.640s] INFO:colcon.colcon_core.shell:Skip shell extension 'powershell' for command environment: Not usable outside of PowerShell
[0.641s] DEBUG:colcon.colcon_core.shell:Skip shell extension 'dsv' for command environment
[0.660s] DEBUG:colcon.colcon_core.event_handler.log_command:Invoking command in '/home/madhu/warehouse_ws/src/build/warehouse_robot_description': CMAKE_PREFIX_PATH=${CMAKE_PREFIX_PATH}:/home/madhu/robot_ws/install/robot_gazebo:/home/madhu/robot_ws/install/obstacle_avoidance:/home/madhu/ros2_ws/install/turtlebot3_autorace_mission:/home/madhu/ros2_ws/install/turtlebot3_autorace_detect:/home/madhu/ros2_ws/install/turtlebot3_autorace_camera:/home/madhu/ros2_ws/install/rtabmap_python:/home/madhu/ros2_ws/install/line_follower:/home/madhu/ros2_ws/install/ekf_slam:/home/madhu/ros2_ws/src/install/my_robot_controller:/opt/ros/humble /usr/bin/cmake /home/madhu/warehouse_ws/src/warehouse_robot_description -DAMENT_CMAKE_SYMLINK_INSTALL=1 -DCMAKE_INSTALL_PREFIX=/home/madhu/warehouse_ws/src/install/warehouse_robot_description
[1.760s] DEBUG:colcon.colcon_core.event_handler.log_command:Invoked command in '/home/madhu/warehouse_ws/src/build/warehouse_robot_description' returned '0': CMAKE_PREFIX_PATH=${CMAKE_PREFIX_PATH}:/home/madhu/robot_ws/install/robot_gazebo:/home/madhu/robot_ws/install/obstacle_avoidance:/home/madhu/ros2_ws/install/turtlebot3_autorace_mission:/home/madhu/ros2_ws/install/turtlebot3_autorace_detect:/home/madhu/ros2_ws/install/turtlebot3_autorace_camera:/home/madhu/ros2_ws/install/rtabmap_python:/home/madhu/ros2_ws/install/line_follower:/home/madhu/ros2_ws/install/ekf_slam:/home/madhu/ros2_ws/src/install/my_robot_controller:/opt/ros/humble /usr/bin/cmake /home/madhu/warehouse_ws/src/warehouse_robot_description -DAMENT_CMAKE_SYMLINK_INSTALL=1 -DCMAKE_INSTALL_PREFIX=/home/madhu/warehouse_ws/src/install/warehouse_robot_description
[1.762s] DEBUG:colcon.colcon_core.event_handler.log_command:Invoking command in '/home/madhu/warehouse_ws/src/build/warehouse_robot_description': CMAKE_PREFIX_PATH=${CMAKE_PREFIX_PATH}:/home/madhu/robot_ws/install/robot_gazebo:/home/madhu/robot_ws/install/obstacle_avoidance:/home/madhu/ros2_ws/install/turtlebot3_autorace_mission:/home/madhu/ros2_ws/install/turtlebot3_autorace_detect:/home/madhu/ros2_ws/install/turtlebot3_autorace_camera:/home/madhu/ros2_ws/install/rtabmap_python:/home/madhu/ros2_ws/install/line_follower:/home/madhu/ros2_ws/install/ekf_slam:/home/madhu/ros2_ws/src/install/my_robot_controller:/opt/ros/humble /usr/bin/cmake --build /home/madhu/warehouse_ws/src/build/warehouse_robot_description -- -j4 -l4
[1.820s] DEBUG:colcon.colcon_core.event_handler.log_command:Invoked command in '/home/madhu/warehouse_ws/src/build/warehouse_robot_description' returned '0': CMAKE_PREFIX_PATH=${CMAKE_PREFIX_PATH}:/home/madhu/robot_ws/install/robot_gazebo:/home/madhu/robot_ws/install/obstacle_avoidance:/home/madhu/ros2_ws/install/turtlebot3_autorace_mission:/home/madhu/ros2_ws/install/turtlebot3_autorace_detect:/home/madhu/ros2_ws/install/turtlebot3_autorace_camera:/home/madhu/ros2_ws/install/rtabmap_python:/home/madhu/ros2_ws/install/line_follower:/home/madhu/ros2_ws/install/ekf_slam:/home/madhu/ros2_ws/src/install/my_robot_controller:/opt/ros/humble /usr/bin/cmake --build /home/madhu/warehouse_ws/src/build/warehouse_robot_description -- -j4 -l4
[1.836s] DEBUG:colcon.colcon_core.event_handler.log_command:Invoking command in '/home/madhu/warehouse_ws/src/build/warehouse_robot_description': CMAKE_PREFIX_PATH=${CMAKE_PREFIX_PATH}:/home/madhu/robot_ws/install/robot_gazebo:/home/madhu/robot_ws/install/obstacle_avoidance:/home/madhu/ros2_ws/install/turtlebot3_autorace_mission:/home/madhu/ros2_ws/install/turtlebot3_autorace_detect:/home/madhu/ros2_ws/install/turtlebot3_autorace_camera:/home/madhu/ros2_ws/install/rtabmap_python:/home/madhu/ros2_ws/install/line_follower:/home/madhu/ros2_ws/install/ekf_slam:/home/madhu/ros2_ws/src/install/my_robot_controller:/opt/ros/humble /usr/bin/cmake --install /home/madhu/warehouse_ws/src/build/warehouse_robot_description
[1.871s] DEBUG:colcon.colcon_core.event_handler.log_command:Invoked command in '/home/madhu/warehouse_ws/src/build/warehouse_robot_description' returned '1': CMAKE_PREFIX_PATH=${CMAKE_PREFIX_PATH}:/home/madhu/robot_ws/install/robot_gazebo:/home/madhu/robot_ws/install/obstacle_avoidance:/home/madhu/ros2_ws/install/turtlebot3_autorace_mission:/home/madhu/ros2_ws/install/turtlebot3_autorace_detect:/home/madhu/ros2_ws/install/turtlebot3_autorace_camera:/home/madhu/ros2_ws/install/rtabmap_python:/home/madhu/ros2_ws/install/line_follower:/home/madhu/ros2_ws/install/ekf_slam:/home/madhu/ros2_ws/src/install/my_robot_controller:/opt/ros/humble /usr/bin/cmake --install /home/madhu/warehouse_ws/src/build/warehouse_robot_description
[1.872s] Level 1:colcon.colcon_core.environment:create_environment_scripts_only(warehouse_robot_description)
[1.875s] Level 1:colcon.colcon_core.environment:checking '/home/madhu/warehouse_ws/src/install/warehouse_robot_description' for CMake module files
[1.875s] Level 1:colcon.colcon_core.environment:checking '/home/madhu/warehouse_ws/src/install/warehouse_robot_description' for CMake config files
[1.875s] Level 1:colcon.colcon_core.environment:checking '/home/madhu/warehouse_ws/src/install/warehouse_robot_description/bin'
[1.876s] Level 1:colcon.colcon_core.environment:checking '/home/madhu/warehouse_ws/src/install/warehouse_robot_description/lib/pkgconfig/warehouse_robot_description.pc'
[1.876s] Level 1:colcon.colcon_core.environment:checking '/home/madhu/warehouse_ws/src/install/warehouse_robot_description/lib/python3.10/site-packages'
[1.876s] Level 1:colcon.colcon_core.environment:checking '/home/madhu/warehouse_ws/src/install/warehouse_robot_description/bin'
[1.876s] INFO:colcon.colcon_core.shell:Creating package script '/home/madhu/warehouse_ws/src/install/warehouse_robot_description/share/warehouse_robot_description/package.ps1'
[1.877s] INFO:colcon.colcon_core.shell:Creating package descriptor '/home/madhu/warehouse_ws/src/install/warehouse_robot_description/share/warehouse_robot_description/package.dsv'
[1.878s] INFO:colcon.colcon_core.shell:Creating package script '/home/madhu/warehouse_ws/src/install/warehouse_robot_description/share/warehouse_robot_description/package.sh'
[1.879s] INFO:colcon.colcon_core.shell:Creating package script '/home/madhu/warehouse_ws/src/install/warehouse_robot_description/share/warehouse_robot_description/package.bash'
[1.879s] INFO:colcon.colcon_core.shell:Creating package script '/home/madhu/warehouse_ws/src/install/warehouse_robot_description/share/warehouse_robot_description/package.zsh'
[1.880s] Level 1:colcon.colcon_core.environment:create_file_with_runtime_dependencies(/home/madhu/warehouse_ws/src/install/warehouse_robot_description/share/colcon-core/packages/warehouse_robot_description)
[1.891s] DEBUG:colcon.colcon_parallel_executor.executor.parallel:closing loop
[1.891s] DEBUG:colcon.colcon_parallel_executor.executor.parallel:loop closed
[1.891s] DEBUG:colcon.colcon_parallel_executor.executor.parallel:run_until_complete finished with '1'
[1.891s] DEBUG:colcon.colcon_core.event_reactor:joining thread
[1.908s] INFO:colcon.colcon_core.plugin_system:Skipping extension 'colcon_notification.desktop_notification.terminal_notifier': Not used on non-Darwin systems
[1.908s] INFO:colcon.colcon_core.plugin_system:Skipping extension 'colcon_notification.desktop_notification.win32': Not used on non-Windows systems
[1.908s] INFO:colcon.colcon_notification.desktop_notification:Sending desktop notification using 'notify2'
[1.935s] DEBUG:colcon.colcon_core.event_reactor:joined thread
[1.936s] INFO:colcon.colcon_core.shell:Creating prefix script '/home/madhu/warehouse_ws/src/install/local_setup.ps1'
[1.939s] INFO:colcon.colcon_core.shell:Creating prefix util module '/home/madhu/warehouse_ws/src/install/_local_setup_util_ps1.py'
[1.944s] INFO:colcon.colcon_core.shell:Creating prefix chain script '/home/madhu/warehouse_ws/src/install/setup.ps1'
[1.949s] INFO:colcon.colcon_core.shell:Creating prefix script '/home/madhu/warehouse_ws/src/install/local_setup.sh'
[1.951s] INFO:colcon.colcon_core.shell:Creating prefix util module '/home/madhu/warehouse_ws/src/install/_local_setup_util_sh.py'
[1.951s] INFO:colcon.colcon_core.shell:Creating prefix chain script '/home/madhu/warehouse_ws/src/install/setup.sh'
[1.954s] INFO:colcon.colcon_core.shell:Creating prefix script '/home/madhu/warehouse_ws/src/install/local_setup.bash'
[1.955s] INFO:colcon.colcon_core.shell:Creating prefix chain script '/home/madhu/warehouse_ws/src/install/setup.bash'
[1.957s] INFO:colcon.colcon_core.shell:Creating prefix script '/home/madhu/warehouse_ws/src/install/local_setup.zsh'
[1.958s] INFO:colcon.colcon_core.shell:Creating prefix chain script '/home/madhu/warehouse_ws/src/install/setup.zsh'
