[0.023s] Invoking command in '/home/madhu/warehouse_ws/build/warehouse_robot_description': CMAKE_PREFIX_PATH=${CMAKE_PREFIX_PATH}:/home/madhu/robot_ws/install/robot_gazebo:/home/madhu/robot_ws/install/obstacle_avoidance:/home/madhu/ros2_ws/install/turtlebot3_autorace_mission:/home/madhu/ros2_ws/install/turtlebot3_autorace_detect:/home/madhu/ros2_ws/install/turtlebot3_autorace_camera:/home/madhu/ros2_ws/install/rtabmap_python:/home/madhu/ros2_ws/install/line_follower:/home/madhu/ros2_ws/install/ekf_slam:/home/madhu/ros2_ws/src/install/my_robot_controller:/opt/ros/humble /usr/bin/cmake /home/madhu/warehouse_ws/src/warehouse_robot_description -DAMENT_CMAKE_SYMLINK_INSTALL=1 -DCMAKE_INSTALL_PREFIX=/home/madhu/warehouse_ws/install/warehouse_robot_description
[0.193s] -- The C compiler identification is GNU 11.4.0
[0.363s] -- The CXX compiler identification is GNU 11.4.0
[0.379s] -- Detecting C compiler ABI info
[0.514s] -- Detecting C compiler ABI info - done
[0.528s] -- Check for working C compiler: /usr/bin/cc - skipped
[0.529s] -- Detecting C compile features
[0.530s] -- Detecting C compile features - done
[0.537s] -- Detecting CXX compiler ABI info
[0.687s] -- Detecting CXX compiler ABI info - done
[0.701s] -- Check for working CXX compiler: /usr/bin/c++ - skipped
[0.702s] -- Detecting CXX compile features
[0.703s] -- Detecting CXX compile features - done
[0.717s] -- Found ament_cmake: 1.3.13 (/opt/ros/humble/share/ament_cmake/cmake)
[1.003s] -- Found Python3: /usr/bin/python3 (found version "3.10.12") found components: Interpreter 
[1.161s] -- Override CMake install command with custom implementation using symlinks instead of copying resources
[1.274s] -- Found ament_lint_auto: 0.12.15 (/opt/ros/humble/share/ament_lint_auto/cmake)
[1.466s] -- Added test 'lint_cmake' to check CMake code style
[1.468s] -- Added test 'xmllint' to check XML markup files
[1.471s] -- Configuring done
[1.475s] -- Generating done
[1.478s] -- Build files have been written to: /home/madhu/warehouse_ws/build/warehouse_robot_description
[1.485s] Invoked command in '/home/madhu/warehouse_ws/build/warehouse_robot_description' returned '0': CMAKE_PREFIX_PATH=${CMAKE_PREFIX_PATH}:/home/madhu/robot_ws/install/robot_gazebo:/home/madhu/robot_ws/install/obstacle_avoidance:/home/madhu/ros2_ws/install/turtlebot3_autorace_mission:/home/madhu/ros2_ws/install/turtlebot3_autorace_detect:/home/madhu/ros2_ws/install/turtlebot3_autorace_camera:/home/madhu/ros2_ws/install/rtabmap_python:/home/madhu/ros2_ws/install/line_follower:/home/madhu/ros2_ws/install/ekf_slam:/home/madhu/ros2_ws/src/install/my_robot_controller:/opt/ros/humble /usr/bin/cmake /home/madhu/warehouse_ws/src/warehouse_robot_description -DAMENT_CMAKE_SYMLINK_INSTALL=1 -DCMAKE_INSTALL_PREFIX=/home/madhu/warehouse_ws/install/warehouse_robot_description
[1.488s] Invoking command in '/home/madhu/warehouse_ws/build/warehouse_robot_description': CMAKE_PREFIX_PATH=${CMAKE_PREFIX_PATH}:/home/madhu/robot_ws/install/robot_gazebo:/home/madhu/robot_ws/install/obstacle_avoidance:/home/madhu/ros2_ws/install/turtlebot3_autorace_mission:/home/madhu/ros2_ws/install/turtlebot3_autorace_detect:/home/madhu/ros2_ws/install/turtlebot3_autorace_camera:/home/madhu/ros2_ws/install/rtabmap_python:/home/madhu/ros2_ws/install/line_follower:/home/madhu/ros2_ws/install/ekf_slam:/home/madhu/ros2_ws/src/install/my_robot_controller:/opt/ros/humble /usr/bin/cmake --build /home/madhu/warehouse_ws/build/warehouse_robot_description -- -j4 -l4
[1.547s] Invoked command in '/home/madhu/warehouse_ws/build/warehouse_robot_description' returned '0': CMAKE_PREFIX_PATH=${CMAKE_PREFIX_PATH}:/home/madhu/robot_ws/install/robot_gazebo:/home/madhu/robot_ws/install/obstacle_avoidance:/home/madhu/ros2_ws/install/turtlebot3_autorace_mission:/home/madhu/ros2_ws/install/turtlebot3_autorace_detect:/home/madhu/ros2_ws/install/turtlebot3_autorace_camera:/home/madhu/ros2_ws/install/rtabmap_python:/home/madhu/ros2_ws/install/line_follower:/home/madhu/ros2_ws/install/ekf_slam:/home/madhu/ros2_ws/src/install/my_robot_controller:/opt/ros/humble /usr/bin/cmake --build /home/madhu/warehouse_ws/build/warehouse_robot_description -- -j4 -l4
[1.566s] Invoking command in '/home/madhu/warehouse_ws/build/warehouse_robot_description': CMAKE_PREFIX_PATH=${CMAKE_PREFIX_PATH}:/home/madhu/robot_ws/install/robot_gazebo:/home/madhu/robot_ws/install/obstacle_avoidance:/home/madhu/ros2_ws/install/turtlebot3_autorace_mission:/home/madhu/ros2_ws/install/turtlebot3_autorace_detect:/home/madhu/ros2_ws/install/turtlebot3_autorace_camera:/home/madhu/ros2_ws/install/rtabmap_python:/home/madhu/ros2_ws/install/line_follower:/home/madhu/ros2_ws/install/ekf_slam:/home/madhu/ros2_ws/src/install/my_robot_controller:/opt/ros/humble /usr/bin/cmake --install /home/madhu/warehouse_ws/build/warehouse_robot_description
[1.582s] -- Install configuration: ""
[1.582s] -- Execute custom install script
[1.582s] -- Symlinking: /home/madhu/warehouse_ws/install/warehouse_robot_description/share/ament_index/resource_index/package_run_dependencies/warehouse_robot_description
[1.596s] -- Symlinking: /home/madhu/warehouse_ws/install/warehouse_robot_description/share/ament_index/resource_index/parent_prefix_path/warehouse_robot_description
[1.611s] -- Symlinking: /home/madhu/warehouse_ws/install/warehouse_robot_description/share/warehouse_robot_description/environment/ament_prefix_path.sh
[1.632s] -- Symlinking: /home/madhu/warehouse_ws/install/warehouse_robot_description/share/warehouse_robot_description/environment/ament_prefix_path.dsv
[1.648s] -- Symlinking: /home/madhu/warehouse_ws/install/warehouse_robot_description/share/warehouse_robot_description/environment/path.sh
[1.663s] -- Symlinking: /home/madhu/warehouse_ws/install/warehouse_robot_description/share/warehouse_robot_description/environment/path.dsv
[1.688s] -- Symlinking: /home/madhu/warehouse_ws/install/warehouse_robot_description/share/warehouse_robot_description/local_setup.bash
[1.703s] -- Symlinking: /home/madhu/warehouse_ws/install/warehouse_robot_description/share/warehouse_robot_description/local_setup.sh
[1.718s] -- Symlinking: /home/madhu/warehouse_ws/install/warehouse_robot_description/share/warehouse_robot_description/local_setup.zsh
[1.733s] -- Symlinking: /home/madhu/warehouse_ws/install/warehouse_robot_description/share/warehouse_robot_description/local_setup.dsv
[1.747s] -- Symlinking: /home/madhu/warehouse_ws/install/warehouse_robot_description/share/warehouse_robot_description/package.dsv
[1.765s] -- Symlinking: /home/madhu/warehouse_ws/install/warehouse_robot_description/share/ament_index/resource_index/packages/warehouse_robot_description
[1.789s] -- Symlinking: /home/madhu/warehouse_ws/install/warehouse_robot_description/share/warehouse_robot_description/cmake/warehouse_robot_descriptionConfig.cmake
[1.808s] -- Symlinking: /home/madhu/warehouse_ws/install/warehouse_robot_description/share/warehouse_robot_description/cmake/warehouse_robot_descriptionConfig-version.cmake
[1.823s] -- Symlinking: /home/madhu/warehouse_ws/install/warehouse_robot_description/share/warehouse_robot_description/package.xml
[1.843s] Invoked command in '/home/madhu/warehouse_ws/build/warehouse_robot_description' returned '0': CMAKE_PREFIX_PATH=${CMAKE_PREFIX_PATH}:/home/madhu/robot_ws/install/robot_gazebo:/home/madhu/robot_ws/install/obstacle_avoidance:/home/madhu/ros2_ws/install/turtlebot3_autorace_mission:/home/madhu/ros2_ws/install/turtlebot3_autorace_detect:/home/madhu/ros2_ws/install/turtlebot3_autorace_camera:/home/madhu/ros2_ws/install/rtabmap_python:/home/madhu/ros2_ws/install/line_follower:/home/madhu/ros2_ws/install/ekf_slam:/home/madhu/ros2_ws/src/install/my_robot_controller:/opt/ros/humble /usr/bin/cmake --install /home/madhu/warehouse_ws/build/warehouse_robot_description
