[0.022s] Invoking command in '/home/madhu/warehouse_ws/build/warehouse_robot_description': CMAKE_PREFIX_PATH=${CMAKE_PREFIX_PATH}:/home/madhu/robot_ws/install/robot_gazebo:/home/madhu/robot_ws/install/obstacle_avoidance:/home/madhu/ros2_ws/install/turtlebot3_autorace_mission:/home/madhu/ros2_ws/install/turtlebot3_autorace_detect:/home/madhu/ros2_ws/install/turtlebot3_autorace_camera:/home/madhu/ros2_ws/install/rtabmap_python:/home/madhu/ros2_ws/install/line_follower:/home/madhu/ros2_ws/install/ekf_slam:/home/madhu/ros2_ws/src/install/my_robot_controller:/opt/ros/humble /usr/bin/cmake --build /home/madhu/warehouse_ws/build/warehouse_robot_description -- -j4 -l4
[0.065s] -- Found ament_cmake: 1.3.13 (/opt/ros/humble/share/ament_cmake/cmake)
[0.259s] -- Override CMake install command with custom implementation using symlinks instead of copying resources
[0.282s] -- Found ament_lint_auto: 0.12.15 (/opt/ros/humble/share/ament_lint_auto/cmake)
[0.416s] -- Added test 'lint_cmake' to check CMake code style
[0.419s] -- Added test 'xmllint' to check XML markup files
[0.423s] -- Configuring done
[0.433s] -- Generating done
[0.439s] -- Build files have been written to: /home/madhu/warehouse_ws/build/warehouse_robot_description
[0.482s] Invoked command in '/home/madhu/warehouse_ws/build/warehouse_robot_description' returned '0': CMAKE_PREFIX_PATH=${CMAKE_PREFIX_PATH}:/home/madhu/robot_ws/install/robot_gazebo:/home/madhu/robot_ws/install/obstacle_avoidance:/home/madhu/ros2_ws/install/turtlebot3_autorace_mission:/home/madhu/ros2_ws/install/turtlebot3_autorace_detect:/home/madhu/ros2_ws/install/turtlebot3_autorace_camera:/home/madhu/ros2_ws/install/rtabmap_python:/home/madhu/ros2_ws/install/line_follower:/home/madhu/ros2_ws/install/ekf_slam:/home/madhu/ros2_ws/src/install/my_robot_controller:/opt/ros/humble /usr/bin/cmake --build /home/madhu/warehouse_ws/build/warehouse_robot_description -- -j4 -l4
[0.511s] Invoking command in '/home/madhu/warehouse_ws/build/warehouse_robot_description': CMAKE_PREFIX_PATH=${CMAKE_PREFIX_PATH}:/home/madhu/robot_ws/install/robot_gazebo:/home/madhu/robot_ws/install/obstacle_avoidance:/home/madhu/ros2_ws/install/turtlebot3_autorace_mission:/home/madhu/ros2_ws/install/turtlebot3_autorace_detect:/home/madhu/ros2_ws/install/turtlebot3_autorace_camera:/home/madhu/ros2_ws/install/rtabmap_python:/home/madhu/ros2_ws/install/line_follower:/home/madhu/ros2_ws/install/ekf_slam:/home/madhu/ros2_ws/src/install/my_robot_controller:/opt/ros/humble /usr/bin/cmake --install /home/madhu/warehouse_ws/build/warehouse_robot_description
[0.524s] -- Install configuration: ""
[0.524s] -- Execute custom install script
[0.525s] -- Symlinking: /home/madhu/warehouse_ws/install/warehouse_robot_description/share/warehouse_robot_description/urdf/robot.urdf
[0.542s] [31mCMake Error at ament_cmake_symlink_install/ament_cmake_symlink_install.cmake:105 (message):
[0.542s]   ament_cmake_symlink_install_directory() can't find
[0.542s]   '/home/madhu/warehouse_ws/src/warehouse_robot_description/launch'
[0.542s] Call Stack (most recent call first):
[0.542s]   ament_cmake_symlink_install/ament_cmake_symlink_install.cmake:319 (ament_cmake_symlink_install_directory)
[0.543s]   cmake_install.cmake:46 (include)
[0.543s] 
[0.543s] [0m
[0.545s] Invoked command in '/home/madhu/warehouse_ws/build/warehouse_robot_description' returned '1': CMAKE_PREFIX_PATH=${CMAKE_PREFIX_PATH}:/home/madhu/robot_ws/install/robot_gazebo:/home/madhu/robot_ws/install/obstacle_avoidance:/home/madhu/ros2_ws/install/turtlebot3_autorace_mission:/home/madhu/ros2_ws/install/turtlebot3_autorace_detect:/home/madhu/ros2_ws/install/turtlebot3_autorace_camera:/home/madhu/ros2_ws/install/rtabmap_python:/home/madhu/ros2_ws/install/line_follower:/home/madhu/ros2_ws/install/ekf_slam:/home/madhu/ros2_ws/src/install/my_robot_controller:/opt/ros/humble /usr/bin/cmake --install /home/madhu/warehouse_ws/build/warehouse_robot_description
